node.exe : npm verbose cli C:\Program Files\nodejs\node.exe C:\Program 
Files\nodejs\node_modules\npm\bin\npm-cli.js
At C:\Program Files\nodejs\npm.ps1:29 char:3
+   & $NODE_EXE $NPM_CLI_JS $args
+   ~~~~~~~~~~~~~~~~~~~~~~~~~~~~~
    + CategoryInfo          : NotSpecified: (npm verbose cli...\bin\npm-cli.js:String) [], RemoteExcepti 
   on
    + FullyQualifiedErrorId : NativeCommandError
 
npm info using npm@10.9.2
npm info using node@v22.15.0
npm verbose title npm test
npm verbose argv "test" "--runInBand" "--loglevel" "verbose" "--testLocationInResults"
npm verbose logfile logs-max:10 dir:C:\Users\DELL\AppData\Local\npm-cache\_logs\2026-02-27T08_26_48_096Z-
npm verbose logfile C:\Users\DELL\AppData\Local\npm-cache\_logs\2026-02-27T08_26_48_096Z-debug-0.log

> estatenet-backend@1.0.0 test
> jest --runInBand

::ffff:127.0.0.1 - - [27/Feb/2026:08:26:57 +0000] "POST /api/payments HTTP/1.1" 201 658 "-" "-"
::ffff:127.0.0.1 - - [27/Feb/2026:08:26:58 +0000] "POST /api/payments HTTP/1.1" 201 658 "-" "-"
::ffff:127.0.0.1 - - [27/Feb/2026:08:26:58 +0000] "POST /api/payments HTTP/1.1" 500 76 "-" "-"
::ffff:127.0.0.1 - - [27/Feb/2026:08:26:59 +0000] "GET /api/tenant/rent-status?period=2024-02 HTTP/1.1" 200 160 "-" "-"
::ffff:127.0.0.1 - - [27/Feb/2026:08:26:59 +0000] "GET /api/tenant/rent-status?period=2024-02 HTTP/1.1" 200 164 "-" "-"
::ffff:127.0.0.1 - - [27/Feb/2026:08:27:00 +0000] "GET /api/tenant/rent-status?period=2024-02 HTTP/1.1" 200 173 "-" "-"
::ffff:127.0.0.1 - - [27/Feb/2026:08:27:00 +0000] "GET /api/tenant/rent-status?period=2024-02 HTTP/1.1" 200 165 "-" "-"
::ffff:127.0.0.1 - - [27/Feb/2026:08:27:00 +0000] "GET /api/manager/finance/rent-collection?period=2024-01 HTTP/1.1" 402 160 "-" "-"
FAIL tests/tenantMoneyFlow.test.ts (11.058 s)
  ΓùÅ Console

    console.log
      Test environment configured with JWT_SECRET and DATABASE_URL

      at Object.<anonymous> (tests/setup.ts:31:9)

    console.log
      === AUTH MIDDLEWARE START ===

      at authenticateToken (src/middlewares/auth.ts:24:17)

    console.log
      Path: /

      at authenticateToken (src/middlewares/auth.ts:25:17)

    console.log
      Method: POST

      at authenticateToken (src/middlewares/auth.ts:26:17)

    console.log
      Authorization header exists: true

      at authenticateToken (src/middlewares/auth.ts:27:17)

    console.log
      Token extracted: true

      at authenticateToken (src/middlewares/auth.ts:34:21)

    console.log
      Verifying token...

      at authenticateToken (src/middlewares/auth.ts:46:21)

    console.log
      Token verified, user role: TENANT

      at authenticateToken (src/middlewares/auth.ts:51:21)

    console.log
      === AUTH MIDDLEWARE SUCCESS ===

      at authenticateToken (src/middlewares/auth.ts:56:21)

    console.log
      === ROLE MIDDLEWARE START ===

      at src/middlewares/requireUserRole.ts:7:13

    console.log
      Required roles: [ 'TENANT' ]

      at src/middlewares/requireUserRole.ts:8:13

    console.log
      User role: TENANT

      at src/middlewares/requireUserRole.ts:9:13

    console.log
      === ROLE MIDDLEWARE SUCCESS ===

      at src/middlewares/requireUserRole.ts:29:13

    console.log
      === AUTH MIDDLEWARE START ===

      at authenticateToken (src/middlewares/auth.ts:24:17)

    console.log
      Path: /

      at authenticateToken (src/middlewares/auth.ts:25:17)

    console.log
      Method: POST

      at authenticateToken (src/middlewares/auth.ts:26:17)

    console.log
      Authorization header exists: true

      at authenticateToken (src/middlewares/auth.ts:27:17)

    console.log
      Token extracted: true

      at authenticateToken (src/middlewares/auth.ts:34:21)

    console.log
      Verifying token...

      at authenticateToken (src/middlewares/auth.ts:46:21)

    console.log
      Token verified, user role: TENANT

      at authenticateToken (src/middlewares/auth.ts:51:21)

    console.log
      === AUTH MIDDLEWARE SUCCESS ===

      at authenticateToken (src/middlewares/auth.ts:56:21)

    console.log
      === ROLE MIDDLEWARE START ===

      at src/middlewares/requireUserRole.ts:7:13

    console.log
      Required roles: [ 'TENANT' ]

      at src/middlewares/requireUserRole.ts:8:13

    console.log
      User role: TENANT

      at src/middlewares/requireUserRole.ts:9:13

    console.log
      === ROLE MIDDLEWARE SUCCESS ===

      at src/middlewares/requireUserRole.ts:29:13

    console.log
      === AUTH MIDDLEWARE START ===

      at authenticateToken (src/middlewares/auth.ts:24:17)

    console.log
      Path: /

      at authenticateToken (src/middlewares/auth.ts:25:17)

    console.log
      Method: POST

      at authenticateToken (src/middlewares/auth.ts:26:17)

    console.log
      Authorization header exists: true

      at authenticateToken (src/middlewares/auth.ts:27:17)

    console.log
      Token extracted: true

      at authenticateToken (src/middlewares/auth.ts:34:21)

    console.log
      Verifying token...

      at authenticateToken (src/middlewares/auth.ts:46:21)

    console.log
      Token verified, user role: TENANT

      at authenticateToken (src/middlewares/auth.ts:51:21)

    console.log
      === AUTH MIDDLEWARE SUCCESS ===

      at authenticateToken (src/middlewares/auth.ts:56:21)

    console.log
      === ROLE MIDDLEWARE START ===

      at src/middlewares/requireUserRole.ts:7:13

    console.log
      Required roles: [ 'TENANT' ]

      at src/middlewares/requireUserRole.ts:8:13

    console.log
      User role: TENANT

      at src/middlewares/requireUserRole.ts:9:13

    console.log
      === ROLE MIDDLEWARE SUCCESS ===

      at src/middlewares/requireUserRole.ts:29:13

    console.error
      Record payment error: Error: Invalid billingPeriod format. Expected YYYY-MM
          at PaymentService.recordPayment (C:\Estate 
Net\EstateNet\backend\src\services\paymentService.ts:52:13)
          at recordPayment (C:\Estate Net\EstateNet\backend\src\controllers\paymentController.ts:31:21)

    [0m [90m 69 |[39m     })[33m;[39m
     [90m 70 |[39m   } [36mcatch[39m (error) {
    [31m[1m>[22m[39m[90m 71 |[39m     console[33m.[39merror([32m'Record payment 
error:'[39m[33m,[39m error)[33m;[39m
     [90m    |[39m             [31m[1m^[22m[39m
     [90m 72 |[39m     res[33m.[39mstatus([35m500[39m)[33m.[39mjson({
     [90m 73 |[39m       success[33m:[39m [36mfalse[39m[33m,[39m
     [90m 74 |[39m       message[33m:[39m error [36minstanceof[39m [33mError[39m [33m?[39m 
error[33m.[39mmessage [33m:[39m [32m'Internal server error'[39m[0m

      at recordPayment (src/controllers/paymentController.ts:71:13)

    console.log
      === AUTH MIDDLEWARE START ===

      at authenticateToken (src/middlewares/auth.ts:24:17)

    console.log
      Path: /rent-status

      at authenticateToken (src/middlewares/auth.ts:25:17)

    console.log
      Method: GET

      at authenticateToken (src/middlewares/auth.ts:26:17)

    console.log
      Authorization header exists: true

      at authenticateToken (src/middlewares/auth.ts:27:17)

    console.log
      Token extracted: true

      at authenticateToken (src/middlewares/auth.ts:34:21)

    console.log
      Verifying token...

      at authenticateToken (src/middlewares/auth.ts:46:21)

    console.log
      Token verified, user role: TENANT

      at authenticateToken (src/middlewares/auth.ts:51:21)

    console.log
      === AUTH MIDDLEWARE SUCCESS ===

      at authenticateToken (src/middlewares/auth.ts:56:21)

    console.log
      === ROLE MIDDLEWARE START ===

      at src/middlewares/requireUserRole.ts:7:13

    console.log
      Required roles: [ 'TENANT' ]

      at src/middlewares/requireUserRole.ts:8:13

    console.log
      User role: TENANT

      at src/middlewares/requireUserRole.ts:9:13

    console.log
      === ROLE MIDDLEWARE SUCCESS ===

      at src/middlewares/requireUserRole.ts:29:13

    console.log
      === AUTH MIDDLEWARE START ===

      at authenticateToken (src/middlewares/auth.ts:24:17)

    console.log
      Path: /rent-status

      at authenticateToken (src/middlewares/auth.ts:25:17)

    console.log
      Method: GET

      at authenticateToken (src/middlewares/auth.ts:26:17)

    console.log
      Authorization header exists: true

      at authenticateToken (src/middlewares/auth.ts:27:17)

    console.log
      Token extracted: true

      at authenticateToken (src/middlewares/auth.ts:34:21)

    console.log
      Verifying token...

      at authenticateToken (src/middlewares/auth.ts:46:21)

    console.log
      Token verified, user role: TENANT

      at authenticateToken (src/middlewares/auth.ts:51:21)

    console.log
      === AUTH MIDDLEWARE SUCCESS ===

      at authenticateToken (src/middlewares/auth.ts:56:21)

    console.log
      === ROLE MIDDLEWARE START ===

      at src/middlewares/requireUserRole.ts:7:13

    console.log
      Required roles: [ 'TENANT' ]

      at src/middlewares/requireUserRole.ts:8:13

    console.log
      User role: TENANT

      at src/middlewares/requireUserRole.ts:9:13

    console.log
      === ROLE MIDDLEWARE SUCCESS ===

      at src/middlewares/requireUserRole.ts:29:13

    console.log
      === AUTH MIDDLEWARE START ===

      at authenticateToken (src/middlewares/auth.ts:24:17)

    console.log
      Path: /rent-status

      at authenticateToken (src/middlewares/auth.ts:25:17)

    console.log
      Method: GET

      at authenticateToken (src/middlewares/auth.ts:26:17)

    console.log
      Authorization header exists: true

      at authenticateToken (src/middlewares/auth.ts:27:17)

    console.log
      Token extracted: true

      at authenticateToken (src/middlewares/auth.ts:34:21)

    console.log
      Verifying token...

      at authenticateToken (src/middlewares/auth.ts:46:21)

    console.log
      Token verified, user role: TENANT

      at authenticateToken (src/middlewares/auth.ts:51:21)

    console.log
      === AUTH MIDDLEWARE SUCCESS ===

      at authenticateToken (src/middlewares/auth.ts:56:21)

    console.log
      === ROLE MIDDLEWARE START ===

      at src/middlewares/requireUserRole.ts:7:13

    console.log
      Required roles: [ 'TENANT' ]

      at src/middlewares/requireUserRole.ts:8:13

    console.log
      User role: TENANT

      at src/middlewares/requireUserRole.ts:9:13

    console.log
      === ROLE MIDDLEWARE SUCCESS ===

      at src/middlewares/requireUserRole.ts:29:13

    console.log
      === AUTH MIDDLEWARE START ===

      at authenticateToken (src/middlewares/auth.ts:24:17)

    console.log
      Path: /rent-status

      at authenticateToken (src/middlewares/auth.ts:25:17)

    console.log
      Method: GET

      at authenticateToken (src/middlewares/auth.ts:26:17)

    console.log
      Authorization header exists: true

      at authenticateToken (src/middlewares/auth.ts:27:17)

    console.log
      Token extracted: true

      at authenticateToken (src/middlewares/auth.ts:34:21)

    console.log
      Verifying token...

      at authenticateToken (src/middlewares/auth.ts:46:21)

    console.log
      Token verified, user role: TENANT

      at authenticateToken (src/middlewares/auth.ts:51:21)

    console.log
      === AUTH MIDDLEWARE SUCCESS ===

      at authenticateToken (src/middlewares/auth.ts:56:21)

    console.log
      === ROLE MIDDLEWARE START ===

      at src/middlewares/requireUserRole.ts:7:13

    console.log
      Required roles: [ 'TENANT' ]

      at src/middlewares/requireUserRole.ts:8:13

    console.log
      User role: TENANT

      at src/middlewares/requireUserRole.ts:9:13

    console.log
      === ROLE MIDDLEWARE SUCCESS ===

      at src/middlewares/requireUserRole.ts:29:13

    console.log
      === AUTH MIDDLEWARE START ===

      at authenticateToken (src/middlewares/auth.ts:24:17)

    console.log
      Path: /finance/rent-collection

      at authenticateToken (src/middlewares/auth.ts:25:17)

    console.log
      Method: GET

      at authenticateToken (src/middlewares/auth.ts:26:17)

    console.log
      Authorization header exists: true

      at authenticateToken (src/middlewares/auth.ts:27:17)

    console.log
      Token extracted: true

      at authenticateToken (src/middlewares/auth.ts:34:21)

    console.log
      Verifying token...

      at authenticateToken (src/middlewares/auth.ts:46:21)

    console.log
      Token verified, user role: MANAGER

      at authenticateToken (src/middlewares/auth.ts:51:21)

    console.log
      === AUTH MIDDLEWARE SUCCESS ===

      at authenticateToken (src/middlewares/auth.ts:56:21)

    console.log
      === AUTH MIDDLEWARE START ===

      at authenticateToken (src/middlewares/auth.ts:24:17)

    console.log
      Path: /rent-collection

      at authenticateToken (src/middlewares/auth.ts:25:17)

    console.log
      Method: GET

      at authenticateToken (src/middlewares/auth.ts:26:17)

    console.log
      Authorization header exists: true

      at authenticateToken (src/middlewares/auth.ts:27:17)

    console.log
      Token extracted: true

      at authenticateToken (src/middlewares/auth.ts:34:21)

    console.log
      Verifying token...

      at authenticateToken (src/middlewares/auth.ts:46:21)

    console.log
      Token verified, user role: MANAGER

      at authenticateToken (src/middlewares/auth.ts:51:21)

    console.log
      === AUTH MIDDLEWARE SUCCESS ===

      at authenticateToken (src/middlewares/auth.ts:56:21)

    console.log
      === ROLE MIDDLEWARE START ===

      at src/middlewares/requireUserRole.ts:7:13

    console.log
      Required roles: [ 'MANAGER' ]

      at src/middlewares/requireUserRole.ts:8:13

    console.log
      User role: MANAGER

      at src/middlewares/requireUserRole.ts:9:13

    console.log
      === ROLE MIDDLEWARE SUCCESS ===

      at src/middlewares/requireUserRole.ts:29:13

    console.log
      === AUTH MIDDLEWARE START ===

      at authenticateToken (src/middlewares/auth.ts:24:17)

    console.log
      Path: /finance/outstanding-rent

      at authenticateToken (src/middlewares/auth.ts:25:17)

    console.log
      Method: GET

      at authenticateToken (src/middlewares/auth.ts:26:17)

    console.log
      Authorization header exists: true

      at authenticateToken (src/middlewares/auth.ts:27:17)

    console.log
      Token extracted: true

      at authenticateToken (src/middlewares/auth.ts:34:21)

    console.log
      Verifying token...

      at authenticateToken (src/middlewares/auth.ts:46:21)

    console.log
      Token verified, user role: MANAGER

      at authenticateToken (src/middlewares/auth.ts:51:21)

    console.log
      === AUTH MIDDLEWARE SUCCESS ===

      at authenticateToken (src/middlewares/auth.ts:56:21)

    console.log
      === AUTH MIDDLEWARE START ===

      at authenticateToken (src/middlewares/auth.ts:24:17)

    console.log
      Path: /outstanding-rent

      at authenticateToken (src/middlewares/auth.ts:25:17)

    console.log
      Method: GET

      at authenticateToken (src/middlewares/auth.ts:26:17)

    console.log
      Authorization header exists: true

      at authenticateToken (src/middlewares/auth.ts:27:17)

    console.log
      Token extracted: true

      at authenticateToken (src/middlewares/auth.ts:34:21)

    console.log
      Verifying token...

      at authenticateToken (src/middlewares/auth.ts:46:21)

    console.log
      Token verified, user role: MANAGER

      at authenticateToken (src/middlewares/auth.ts:51:21)

    console.log
      === AUTH MIDDLEWARE SUCCESS ===

      at authenticateToken (src/middlewares/auth.ts:56:21)

    console.log
      === ROLE MIDDLEWARE START ===

      at src/middlewares/requireUserRole.ts:7:13

    console.log
      Required roles: [ 'MANAGER' ]

      at src/middlewares/requireUserRole.ts:8:13

    console.log
      User role: MANAGER

      at src/middlewares/requireUserRole.ts:9:13

    console.log
      === ROLE MIDDLEWARE SUCCESS ===

      at src/middlewares/requireUserRole.ts:29:13

  ΓùÅ Tenant Money Flow ΓÇ║ Manager Finance with billingPeriod Attribution ΓÇ║ should use billingPeriod 
for rent collection (not paymentDate)

    expect(received).toBe(expected) // Object.is equality

    Expected: 200
    Received: 402

    [0m [90m 335 |[39m                 [33m.[39m[36mset[39m([32m'Authorization'[39m[33m,[39m 
[32m`Bearer ${managerAuthToken}`[39m)[33m;[39m
     [90m 336 |[39m
    [31m[1m>[22m[39m[90m 337 |[39m             
expect(response[33m.[39mstatus)[33m.[39mtoBe([35m200[39m)[33m;[39m
     [90m     |[39m                                     [31m[1m^[22m[39m
     [90m 338 |[39m             
expect(response[33m.[39mbody[33m.[39msuccess)[33m.[39mtoBe([36mtrue[39m)[33m;[39m
     [90m 339 |[39m             expect(response[33m.[39mbody[33m.[39mdata[33m.[39mtotalCollected)
[33m.[39mtoBe([35m300000[39m)[33m;[39m [90m// Only 2024-01 payment[39m
     [90m 340 |[39m         })[33m;[39m[0m

      at Object.<anonymous> (tests/tenantMoneyFlow.test.ts:337:37)

  ΓùÅ Tenant Money Flow ΓÇ║ Manager Finance with billingPeriod Attribution ΓÇ║ should use billingPeriod 
for outstanding rent calculation

    expect(received).toBe(expected) // Object.is equality

    Expected: 200
    Received: 402

    [0m [90m 345 |[39m                 [33m.[39m[36mset[39m([32m'Authorization'[39m[33m,[39m 
[32m`Bearer ${managerAuthToken}`[39m)[33m;[39m
     [90m 346 |[39m
    [31m[1m>[22m[39m[90m 347 |[39m             
expect(response[33m.[39mstatus)[33m.[39mtoBe([35m200[39m)[33m;[39m
     [90m     |[39m                                     [31m[1m^[22m[39m
     [90m 348 |[39m             
expect(response[33m.[39mbody[33m.[39msuccess)[33m.[39mtoBe([36mtrue[39m)[33m;[39m
     [90m 349 |[39m             expect(response[33m.[39mbody[33m.[39mdata[33m.[39mtotalOutstandin
g)[33m.[39mtoBe([35m500000[39m)[33m;[39m [90m// 800000 - 300000[39m
     [90m 350 |[39m             expect(response[33m.[39mbody[33m.[39mdata[33m.[39mitems[[35m0[3
9m][33m.[39mcollectedRent)[33m.[39mtoBe([35m300000[39m)[33m;[39m[0m

      at Object.<anonymous> (tests/tenantMoneyFlow.test.ts:347:37)

::ffff:127.0.0.1 - - [27/Feb/2026:08:27:01 +0000] "GET /api/manager/finance/outstanding-rent?period=2024-01 HTTP/1.1" 402 160 "-" "-"
::ffff:127.0.0.1 - - [27/Feb/2026:08:27:02 +0000] "GET /api/manager/finance/rent-collection?period=2024-02 HTTP/1.1" 402 160 "-" "-"
::ffff:127.0.0.1 - - [27/Feb/2026:08:27:03 +0000] "GET /api/manager/finance/rent-collection?period=2024-01 HTTP/1.1" 402 160 "-" "-"
::ffff:127.0.0.1 - - [27/Feb/2026:08:27:03 +0000] "GET /api/manager/finance/rent-collection?period=2024-02&propertyId=cmm4mpeso003x8k8bdtnccuo0 HTTP/1.1" 402 160 "-" "-"
::ffff:127.0.0.1 - - [27/Feb/2026:08:27:03 +0000] "GET /api/manager/finance/rent-collection HTTP/1.1" 401 51 "-" "-"
::ffff:127.0.0.1 - - [27/Feb/2026:08:27:04 +0000] "GET /api/manager/finance/outstanding-rent?period=2024-02 HTTP/1.1" 402 160 "-" "-"
::ffff:127.0.0.1 - - [27/Feb/2026:08:27:04 +0000] "GET /api/manager/finance/outstanding-rent?period=2024-02 HTTP/1.1" 402 160 "-" "-"
::ffff:127.0.0.1 - - [27/Feb/2026:08:27:05 +0000] "GET /api/manager/finance/outstanding-rent?period=2024-02 HTTP/1.1" 402 160 "-" "-"
::ffff:127.0.0.1 - - [27/Feb/2026:08:27:05 +0000] "GET /api/manager/finance/outstanding-rent HTTP/1.1" 401 51 "-" "-"
::ffff:127.0.0.1 - - [27/Feb/2026:08:27:06 +0000] "GET /api/manager/finance/rent-collection?period=2024-02 HTTP/1.1" 402 160 "-" "-"
FAIL tests/managerFinance.test.ts
  ΓùÅ Console

    console.log
      Test environment configured with JWT_SECRET and DATABASE_URL

      at Object.<anonymous> (tests/setup.ts:31:9)

    console.log
      [Server] Skipping server startup in test environment

      at Object.<anonymous> (src/index.ts:178:13)

    console.log
      [BillingScheduler] Background jobs disabled for test environment

      at Object.<anonymous> (src/index.ts:236:13)

    console.log
      === AUTH MIDDLEWARE START ===

      at authenticateToken (src/middlewares/auth.ts:24:17)

    console.log
      Path: /finance/rent-collection

      at authenticateToken (src/middlewares/auth.ts:25:17)

    console.log
      Method: GET

      at authenticateToken (src/middlewares/auth.ts:26:17)

    console.log
      Authorization header exists: true

      at authenticateToken (src/middlewares/auth.ts:27:17)

    console.log
      Token extracted: true

      at authenticateToken (src/middlewares/auth.ts:34:21)

    console.log
      Verifying token...

      at authenticateToken (src/middlewares/auth.ts:46:21)

    console.log
      Token verified, user role: MANAGER

      at authenticateToken (src/middlewares/auth.ts:51:21)

    console.log
      === AUTH MIDDLEWARE SUCCESS ===

      at authenticateToken (src/middlewares/auth.ts:56:21)

    console.log
      === AUTH MIDDLEWARE START ===

      at authenticateToken (src/middlewares/auth.ts:24:17)

    console.log
      Path: /rent-collection

      at authenticateToken (src/middlewares/auth.ts:25:17)

    console.log
      Method: GET

      at authenticateToken (src/middlewares/auth.ts:26:17)

    console.log
      Authorization header exists: true

      at authenticateToken (src/middlewares/auth.ts:27:17)

    console.log
      Token extracted: true

      at authenticateToken (src/middlewares/auth.ts:34:21)

    console.log
      Verifying token...

      at authenticateToken (src/middlewares/auth.ts:46:21)

    console.log
      Token verified, user role: MANAGER

      at authenticateToken (src/middlewares/auth.ts:51:21)

    console.log
      === AUTH MIDDLEWARE SUCCESS ===

      at authenticateToken (src/middlewares/auth.ts:56:21)

    console.log
      === ROLE MIDDLEWARE START ===

      at src/middlewares/requireUserRole.ts:7:13

    console.log
      Required roles: [ 'MANAGER' ]

      at src/middlewares/requireUserRole.ts:8:13

    console.log
      User role: MANAGER

      at src/middlewares/requireUserRole.ts:9:13

    console.log
      === ROLE MIDDLEWARE SUCCESS ===

      at src/middlewares/requireUserRole.ts:29:13

    console.log
      === AUTH MIDDLEWARE START ===

      at authenticateToken (src/middlewares/auth.ts:24:17)

    console.log
      Path: /finance/rent-collection

      at authenticateToken (src/middlewares/auth.ts:25:17)

    console.log
      Method: GET

      at authenticateToken (src/middlewares/auth.ts:26:17)

    console.log
      Authorization header exists: true

      at authenticateToken (src/middlewares/auth.ts:27:17)

    console.log
      Token extracted: true

      at authenticateToken (src/middlewares/auth.ts:34:21)

    console.log
      Verifying token...

      at authenticateToken (src/middlewares/auth.ts:46:21)

    console.log
      Token verified, user role: MANAGER

      at authenticateToken (src/middlewares/auth.ts:51:21)

    console.log
      === AUTH MIDDLEWARE SUCCESS ===

      at authenticateToken (src/middlewares/auth.ts:56:21)

    console.log
      === AUTH MIDDLEWARE START ===

      at authenticateToken (src/middlewares/auth.ts:24:17)

    console.log
      Path: /rent-collection

      at authenticateToken (src/middlewares/auth.ts:25:17)

    console.log
      Method: GET

      at authenticateToken (src/middlewares/auth.ts:26:17)

    console.log
      Authorization header exists: true

      at authenticateToken (src/middlewares/auth.ts:27:17)

    console.log
      Token extracted: true

      at authenticateToken (src/middlewares/auth.ts:34:21)

    console.log
      Verifying token...

      at authenticateToken (src/middlewares/auth.ts:46:21)

    console.log
      Token verified, user role: MANAGER

      at authenticateToken (src/middlewares/auth.ts:51:21)

    console.log
      === AUTH MIDDLEWARE SUCCESS ===

      at authenticateToken (src/middlewares/auth.ts:56:21)

    console.log
      === ROLE MIDDLEWARE START ===

      at src/middlewares/requireUserRole.ts:7:13

    console.log
      Required roles: [ 'MANAGER' ]

      at src/middlewares/requireUserRole.ts:8:13

    console.log
      User role: MANAGER

      at src/middlewares/requireUserRole.ts:9:13

    console.log
      === ROLE MIDDLEWARE SUCCESS ===

      at src/middlewares/requireUserRole.ts:29:13

    console.log
      === AUTH MIDDLEWARE START ===

      at authenticateToken (src/middlewares/auth.ts:24:17)

    console.log
      Path: /finance/rent-collection

      at authenticateToken (src/middlewares/auth.ts:25:17)

    console.log
      Method: GET

      at authenticateToken (src/middlewares/auth.ts:26:17)

    console.log
      Authorization header exists: true

      at authenticateToken (src/middlewares/auth.ts:27:17)

    console.log
      Token extracted: true

      at authenticateToken (src/middlewares/auth.ts:34:21)

    console.log
      Verifying token...

      at authenticateToken (src/middlewares/auth.ts:46:21)

    console.log
      Token verified, user role: MANAGER

      at authenticateToken (src/middlewares/auth.ts:51:21)

    console.log
      === AUTH MIDDLEWARE SUCCESS ===

      at authenticateToken (src/middlewares/auth.ts:56:21)

    console.log
      === AUTH MIDDLEWARE START ===

      at authenticateToken (src/middlewares/auth.ts:24:17)

    console.log
      Path: /rent-collection

      at authenticateToken (src/middlewares/auth.ts:25:17)

    console.log
      Method: GET

      at authenticateToken (src/middlewares/auth.ts:26:17)

    console.log
      Authorization header exists: true

      at authenticateToken (src/middlewares/auth.ts:27:17)

    console.log
      Token extracted: true

      at authenticateToken (src/middlewares/auth.ts:34:21)

    console.log
      Verifying token...

      at authenticateToken (src/middlewares/auth.ts:46:21)

    console.log
      Token verified, user role: MANAGER

      at authenticateToken (src/middlewares/auth.ts:51:21)

    console.log
      === AUTH MIDDLEWARE SUCCESS ===

      at authenticateToken (src/middlewares/auth.ts:56:21)

    console.log
      === ROLE MIDDLEWARE START ===

      at src/middlewares/requireUserRole.ts:7:13

    console.log
      Required roles: [ 'MANAGER' ]

      at src/middlewares/requireUserRole.ts:8:13

    console.log
      User role: MANAGER

      at src/middlewares/requireUserRole.ts:9:13

    console.log
      === ROLE MIDDLEWARE SUCCESS ===

      at src/middlewares/requireUserRole.ts:29:13

    console.log
      === AUTH MIDDLEWARE START ===

      at authenticateToken (src/middlewares/auth.ts:24:17)

    console.log
      Path: /finance/rent-collection

      at authenticateToken (src/middlewares/auth.ts:25:17)

    console.log
      Method: GET

      at authenticateToken (src/middlewares/auth.ts:26:17)

    console.log
      Authorization header exists: false

      at authenticateToken (src/middlewares/auth.ts:27:17)

    console.log
      Token extracted: false

      at authenticateToken (src/middlewares/auth.ts:34:21)

    console.log
      === AUTH MIDDLEWARE START ===

      at authenticateToken (src/middlewares/auth.ts:24:17)

    console.log
      Path: /finance/outstanding-rent

      at authenticateToken (src/middlewares/auth.ts:25:17)

    console.log
      Method: GET

      at authenticateToken (src/middlewares/auth.ts:26:17)

    console.log
      Authorization header exists: true

      at authenticateToken (src/middlewares/auth.ts:27:17)

    console.log
      Token extracted: true

      at authenticateToken (src/middlewares/auth.ts:34:21)

    console.log
      Verifying token...

      at authenticateToken (src/middlewares/auth.ts:46:21)

    console.log
      Token verified, user role: MANAGER

      at authenticateToken (src/middlewares/auth.ts:51:21)

    console.log
      === AUTH MIDDLEWARE SUCCESS ===

      at authenticateToken (src/middlewares/auth.ts:56:21)

    console.log
      === AUTH MIDDLEWARE START ===

      at authenticateToken (src/middlewares/auth.ts:24:17)

    console.log
      Path: /outstanding-rent

      at authenticateToken (src/middlewares/auth.ts:25:17)

    console.log
      Method: GET

      at authenticateToken (src/middlewares/auth.ts:26:17)

    console.log
      Authorization header exists: true

      at authenticateToken (src/middlewares/auth.ts:27:17)

    console.log
      Token extracted: true

      at authenticateToken (src/middlewares/auth.ts:34:21)

    console.log
      Verifying token...

      at authenticateToken (src/middlewares/auth.ts:46:21)

    console.log
      Token verified, user role: MANAGER

      at authenticateToken (src/middlewares/auth.ts:51:21)

    console.log
      === AUTH MIDDLEWARE SUCCESS ===

      at authenticateToken (src/middlewares/auth.ts:56:21)

    console.log
      === ROLE MIDDLEWARE START ===

      at src/middlewares/requireUserRole.ts:7:13

    console.log
      Required roles: [ 'MANAGER' ]

      at src/middlewares/requireUserRole.ts:8:13

    console.log
      User role: MANAGER

      at src/middlewares/requireUserRole.ts:9:13

    console.log
      === ROLE MIDDLEWARE SUCCESS ===

      at src/middlewares/requireUserRole.ts:29:13

    console.log
      === AUTH MIDDLEWARE START ===

      at authenticateToken (src/middlewares/auth.ts:24:17)

    console.log
      Path: /finance/outstanding-rent

      at authenticateToken (src/middlewares/auth.ts:25:17)

    console.log
      Method: GET

      at authenticateToken (src/middlewares/auth.ts:26:17)

    console.log
      Authorization header exists: true

      at authenticateToken (src/middlewares/auth.ts:27:17)

    console.log
      Token extracted: true

      at authenticateToken (src/middlewares/auth.ts:34:21)

    console.log
      Verifying token...

      at authenticateToken (src/middlewares/auth.ts:46:21)

    console.log
      Token verified, user role: MANAGER

      at authenticateToken (src/middlewares/auth.ts:51:21)

    console.log
      === AUTH MIDDLEWARE SUCCESS ===

      at authenticateToken (src/middlewares/auth.ts:56:21)

    console.log
      === AUTH MIDDLEWARE START ===

      at authenticateToken (src/middlewares/auth.ts:24:17)

    console.log
      Path: /outstanding-rent

      at authenticateToken (src/middlewares/auth.ts:25:17)

    console.log
      Method: GET

      at authenticateToken (src/middlewares/auth.ts:26:17)

    console.log
      Authorization header exists: true

      at authenticateToken (src/middlewares/auth.ts:27:17)

    console.log
      Token extracted: true

      at authenticateToken (src/middlewares/auth.ts:34:21)

    console.log
      Verifying token...

      at authenticateToken (src/middlewares/auth.ts:46:21)

    console.log
      Token verified, user role: MANAGER

      at authenticateToken (src/middlewares/auth.ts:51:21)

    console.log
      === AUTH MIDDLEWARE SUCCESS ===

      at authenticateToken (src/middlewares/auth.ts:56:21)

    console.log
      === ROLE MIDDLEWARE START ===

      at src/middlewares/requireUserRole.ts:7:13

    console.log
      Required roles: [ 'MANAGER' ]

      at src/middlewares/requireUserRole.ts:8:13

    console.log
      User role: MANAGER

      at src/middlewares/requireUserRole.ts:9:13

    console.log
      === ROLE MIDDLEWARE SUCCESS ===

      at src/middlewares/requireUserRole.ts:29:13

    console.log
      === AUTH MIDDLEWARE START ===

      at authenticateToken (src/middlewares/auth.ts:24:17)

    console.log
      Path: /finance/outstanding-rent

      at authenticateToken (src/middlewares/auth.ts:25:17)

    console.log
      Method: GET

      at authenticateToken (src/middlewares/auth.ts:26:17)

    console.log
      Authorization header exists: true

      at authenticateToken (src/middlewares/auth.ts:27:17)

    console.log
      Token extracted: true

      at authenticateToken (src/middlewares/auth.ts:34:21)

    console.log
      Verifying token...

      at authenticateToken (src/middlewares/auth.ts:46:21)

    console.log
      Token verified, user role: MANAGER

      at authenticateToken (src/middlewares/auth.ts:51:21)

    console.log
      === AUTH MIDDLEWARE SUCCESS ===

      at authenticateToken (src/middlewares/auth.ts:56:21)

    console.log
      === AUTH MIDDLEWARE START ===

      at authenticateToken (src/middlewares/auth.ts:24:17)

    console.log
      Path: /outstanding-rent

      at authenticateToken (src/middlewares/auth.ts:25:17)

    console.log
      Method: GET

      at authenticateToken (src/middlewares/auth.ts:26:17)

    console.log
      Authorization header exists: true

      at authenticateToken (src/middlewares/auth.ts:27:17)

    console.log
      Token extracted: true

      at authenticateToken (src/middlewares/auth.ts:34:21)

    console.log
      Verifying token...

      at authenticateToken (src/middlewares/auth.ts:46:21)

    console.log
      Token verified, user role: MANAGER

      at authenticateToken (src/middlewares/auth.ts:51:21)

    console.log
      === AUTH MIDDLEWARE SUCCESS ===

      at authenticateToken (src/middlewares/auth.ts:56:21)

    console.log
      === ROLE MIDDLEWARE START ===

      at src/middlewares/requireUserRole.ts:7:13

    console.log
      Required roles: [ 'MANAGER' ]

      at src/middlewares/requireUserRole.ts:8:13

    console.log
      User role: MANAGER

      at src/middlewares/requireUserRole.ts:9:13

    console.log
      === ROLE MIDDLEWARE SUCCESS ===

      at src/middlewares/requireUserRole.ts:29:13

    console.log
      === AUTH MIDDLEWARE START ===

      at authenticateToken (src/middlewares/auth.ts:24:17)

    console.log
      Path: /finance/outstanding-rent

      at authenticateToken (src/middlewares/auth.ts:25:17)

    console.log
      Method: GET

      at authenticateToken (src/middlewares/auth.ts:26:17)

    console.log
      Authorization header exists: false

      at authenticateToken (src/middlewares/auth.ts:27:17)

    console.log
      Token extracted: false

      at authenticateToken (src/middlewares/auth.ts:34:21)

    console.log
      === AUTH MIDDLEWARE START ===

      at authenticateToken (src/middlewares/auth.ts:24:17)

    console.log
      Path: /finance/rent-collection

      at authenticateToken (src/middlewares/auth.ts:25:17)

    console.log
      Method: GET

      at authenticateToken (src/middlewares/auth.ts:26:17)

    console.log
      Authorization header exists: true

      at authenticateToken (src/middlewares/auth.ts:27:17)

    console.log
      Token extracted: true

      at authenticateToken (src/middlewares/auth.ts:34:21)

    console.log
      Verifying token...

      at authenticateToken (src/middlewares/auth.ts:46:21)

    console.log
      Token verified, user role: MANAGER

      at authenticateToken (src/middlewares/auth.ts:51:21)

    console.log
      === AUTH MIDDLEWARE SUCCESS ===

      at authenticateToken (src/middlewares/auth.ts:56:21)

    console.log
      === AUTH MIDDLEWARE START ===

      at authenticateToken (src/middlewares/auth.ts:24:17)

    console.log
      Path: /rent-collection

      at authenticateToken (src/middlewares/auth.ts:25:17)

    console.log
      Method: GET

      at authenticateToken (src/middlewares/auth.ts:26:17)

    console.log
      Authorization header exists: true

      at authenticateToken (src/middlewares/auth.ts:27:17)

    console.log
      Token extracted: true

      at authenticateToken (src/middlewares/auth.ts:34:21)

    console.log
      Verifying token...

      at authenticateToken (src/middlewares/auth.ts:46:21)

    console.log
      Token verified, user role: MANAGER

      at authenticateToken (src/middlewares/auth.ts:51:21)

    console.log
      === AUTH MIDDLEWARE SUCCESS ===

      at authenticateToken (src/middlewares/auth.ts:56:21)

    console.log
      === ROLE MIDDLEWARE START ===

      at src/middlewares/requireUserRole.ts:7:13

    console.log
      Required roles: [ 'MANAGER' ]

      at src/middlewares/requireUserRole.ts:8:13

    console.log
      User role: MANAGER

      at src/middlewares/requireUserRole.ts:9:13

    console.log
      === ROLE MIDDLEWARE SUCCESS ===

      at src/middlewares/requireUserRole.ts:29:13

    console.log
      === AUTH MIDDLEWARE START ===

      at authenticateToken (src/middlewares/auth.ts:24:17)

    console.log
      Path: /finance/rent-collection

      at authenticateToken (src/middlewares/auth.ts:25:17)

    console.log
      Method: GET

      at authenticateToken (src/middlewares/auth.ts:26:17)

    console.log
      Authorization header exists: true

      at authenticateToken (src/middlewares/auth.ts:27:17)

    console.log
      Token extracted: true

      at authenticateToken (src/middlewares/auth.ts:34:21)

    console.log
      Verifying token...

      at authenticateToken (src/middlewares/auth.ts:46:21)

    console.log
      Token verified, user role: MANAGER

      at authenticateToken (src/middlewares/auth.ts:51:21)

    console.log
      === AUTH MIDDLEWARE SUCCESS ===

      at authenticateToken (src/middlewares/auth.ts:56:21)

    console.log
      === AUTH MIDDLEWARE START ===

      at authenticateToken (src/middlewares/auth.ts:24:17)

    console.log
      Path: /rent-collection

      at authenticateToken (src/middlewares/auth.ts:25:17)

    console.log
      Method: GET

      at authenticateToken (src/middlewares/auth.ts:26:17)

    console.log
      Authorization header exists: true

      at authenticateToken (src/middlewares/auth.ts:27:17)

    console.log
      Token extracted: true

      at authenticateToken (src/middlewares/auth.ts:34:21)

    console.log
      Verifying token...

      at authenticateToken (src/middlewares/auth.ts:46:21)

    console.log
      Token verified, user role: MANAGER

      at authenticateToken (src/middlewares/auth.ts:51:21)

    console.log
      === AUTH MIDDLEWARE SUCCESS ===

      at authenticateToken (src/middlewares/auth.ts:56:21)

    console.log
      === ROLE MIDDLEWARE START ===

      at src/middlewares/requireUserRole.ts:7:13

    console.log
      Required roles: [ 'MANAGER' ]

      at src/middlewares/requireUserRole.ts:8:13

    console.log
      User role: MANAGER

      at src/middlewares/requireUserRole.ts:9:13

    console.log
      === ROLE MIDDLEWARE SUCCESS ===

      at src/middlewares/requireUserRole.ts:29:13

  ΓùÅ Manager Finance Endpoints ΓÇ║ GET /api/manager/finance/rent-collection ΓÇ║ should return rent 
collection data for current period

    expected 200 "OK", got 402 "Payment Required"

    [0m [90m 165 |[39m                 
[33m.[39m[36mget[39m([32m'/api/manager/finance/rent-collection?period=2024-02'[39m)
     [90m 166 |[39m                 [33m.[39m[36mset[39m([32m'Authorization'[39m[33m,[39m 
[32m`Bearer ${authToken}`[39m)
    [31m[1m>[22m[39m[90m 167 |[39m                 [33m.[39mexpect([35m200[39m)[33m;[39m
     [90m     |[39m                  [31m[1m^[22m[39m
     [90m 168 |[39m
     [90m 169 |[39m             
expect(response[33m.[39mbody[33m.[39msuccess)[33m.[39mtoBe([36mtrue[39m)[33m;[39m
     [90m 170 |[39m             
expect(response[33m.[39mbody[33m.[39mdata)[33m.[39mtoMatchObject({[0m

      at Object.<anonymous> (tests/managerFinance.test.ts:167:18)
      ----
      at Test._assertStatus (node_modules/supertest/lib/test.js:252:14)
      at node_modules/supertest/lib/test.js:308:13
      at Test._assertFunction (node_modules/supertest/lib/test.js:285:13)
      at Test.assert (node_modules/supertest/lib/test.js:164:23)
      at Server.localAssert (node_modules/supertest/lib/test.js:120:14)

  ΓùÅ Manager Finance Endpoints ΓÇ║ GET /api/manager/finance/rent-collection ΓÇ║ should return zero for 
period with no payments

    expected 200 "OK", got 402 "Payment Required"

    [0m [90m 195 |[39m                 
[33m.[39m[36mget[39m([32m'/api/manager/finance/rent-collection?period=2024-01'[39m)
     [90m 196 |[39m                 [33m.[39m[36mset[39m([32m'Authorization'[39m[33m,[39m 
[32m`Bearer ${authToken}`[39m)
    [31m[1m>[22m[39m[90m 197 |[39m                 [33m.[39mexpect([35m200[39m)[33m;[39m
     [90m     |[39m                  [31m[1m^[22m[39m
     [90m 198 |[39m
     [90m 199 |[39m             
expect(response[33m.[39mbody[33m.[39msuccess)[33m.[39mtoBe([36mtrue[39m)[33m;[39m
     [90m 200 |[39m             
expect(response[33m.[39mbody[33m.[39mdata)[33m.[39mtoMatchObject({[0m

      at Object.<anonymous> (tests/managerFinance.test.ts:197:18)
      ----
      at Test._assertStatus (node_modules/supertest/lib/test.js:252:14)
      at node_modules/supertest/lib/test.js:308:13
      at Test._assertFunction (node_modules/supertest/lib/test.js:285:13)
      at Test.assert (node_modules/supertest/lib/test.js:164:23)
      at Server.localAssert (node_modules/supertest/lib/test.js:120:14)

  ΓùÅ Manager Finance Endpoints ΓÇ║ GET /api/manager/finance/rent-collection ΓÇ║ should filter by 
property when propertyId provided

    expected 200 "OK", got 402 "Payment Required"

    [0m [90m 249 |[39m                 [33m.[39m[36mget[39m([32m`/api/manager/finance/rent-collec
tion?period=2024-02&propertyId=${propertyId}`[39m)
     [90m 250 |[39m                 [33m.[39m[36mset[39m([32m'Authorization'[39m[33m,[39m 
[32m`Bearer ${authToken}`[39m)
    [31m[1m>[22m[39m[90m 251 |[39m                 [33m.[39mexpect([35m200[39m)[33m;[39m
     [90m     |[39m                  [31m[1m^[22m[39m
     [90m 252 |[39m
     [90m 253 |[39m             
expect(response[33m.[39mbody[33m.[39msuccess)[33m.[39mtoBe([36mtrue[39m)[33m;[39m
     [90m 254 |[39m             expect(response[33m.[39mbody[33m.[39mdata[33m.[39mtotalCollected)
[33m.[39mtoBe([35m1000000[39m)[33m;[39m[0m

      at Object.<anonymous> (tests/managerFinance.test.ts:251:18)
      ----
      at Test._assertStatus (node_modules/supertest/lib/test.js:252:14)
      at node_modules/supertest/lib/test.js:308:13
      at Test._assertFunction (node_modules/supertest/lib/test.js:285:13)
      at Test.assert (node_modules/supertest/lib/test.js:164:23)
      at Server.localAssert (node_modules/supertest/lib/test.js:120:14)

  ΓùÅ Manager Finance Endpoints ΓÇ║ GET /api/manager/finance/outstanding-rent ΓÇ║ should return 
outstanding rent data

    expected 200 "OK", got 402 "Payment Required"

    [0m [90m 279 |[39m                 
[33m.[39m[36mget[39m([32m'/api/manager/finance/outstanding-rent?period=2024-02'[39m)
     [90m 280 |[39m                 [33m.[39m[36mset[39m([32m'Authorization'[39m[33m,[39m 
[32m`Bearer ${authToken}`[39m)
    [31m[1m>[22m[39m[90m 281 |[39m                 [33m.[39mexpect([35m200[39m)[33m;[39m
     [90m     |[39m                  [31m[1m^[22m[39m
     [90m 282 |[39m
     [90m 283 |[39m             
expect(response[33m.[39mbody[33m.[39msuccess)[33m.[39mtoBe([36mtrue[39m)[33m;[39m
     [90m 284 |[39m             
expect(response[33m.[39mbody[33m.[39mdata)[33m.[39mtoMatchObject({[0m

      at Object.<anonymous> (tests/managerFinance.test.ts:281:18)
      ----
      at Test._assertStatus (node_modules/supertest/lib/test.js:252:14)
      at node_modules/supertest/lib/test.js:308:13
      at Test._assertFunction (node_modules/supertest/lib/test.js:285:13)
      at Test.assert (node_modules/supertest/lib/test.js:164:23)
      at Server.localAssert (node_modules/supertest/lib/test.js:120:14)

  ΓùÅ Manager Finance Endpoints ΓÇ║ GET /api/manager/finance/outstanding-rent ΓÇ║ should return zero 
outstanding when fully paid

    expected 200 "OK", got 402 "Payment Required"

    [0m [90m 316 |[39m                 
[33m.[39m[36mget[39m([32m'/api/manager/finance/outstanding-rent?period=2024-02'[39m)
     [90m 317 |[39m                 [33m.[39m[36mset[39m([32m'Authorization'[39m[33m,[39m 
[32m`Bearer ${authToken}`[39m)
    [31m[1m>[22m[39m[90m 318 |[39m                 [33m.[39mexpect([35m200[39m)[33m;[39m
     [90m     |[39m                  [31m[1m^[22m[39m
     [90m 319 |[39m
     [90m 320 |[39m             
expect(response[33m.[39mbody[33m.[39msuccess)[33m.[39mtoBe([36mtrue[39m)[33m;[39m
     [90m 321 |[39m             
expect(response[33m.[39mbody[33m.[39mdata)[33m.[39mtoMatchObject({[0m

      at Object.<anonymous> (tests/managerFinance.test.ts:318:18)
      ----
      at Test._assertStatus (node_modules/supertest/lib/test.js:252:14)
      at node_modules/supertest/lib/test.js:308:13
      at Test._assertFunction (node_modules/supertest/lib/test.js:285:13)
      at Test.assert (node_modules/supertest/lib/test.js:164:23)
      at Server.localAssert (node_modules/supertest/lib/test.js:120:14)

  ΓùÅ Manager Finance Endpoints ΓÇ║ GET /api/manager/finance/outstanding-rent ΓÇ║ should use Option A 
snapshot semantics for lease selection

    expected 200 "OK", got 402 "Payment Required"

    [0m [90m 343 |[39m                 
[33m.[39m[36mget[39m([32m'/api/manager/finance/outstanding-rent?period=2024-02'[39m)
     [90m 344 |[39m                 [33m.[39m[36mset[39m([32m'Authorization'[39m[33m,[39m 
[32m`Bearer ${authToken}`[39m)
    [31m[1m>[22m[39m[90m 345 |[39m                 [33m.[39mexpect([35m200[39m)[33m;[39m
     [90m     |[39m                  [31m[1m^[22m[39m
     [90m 346 |[39m
     [90m 347 |[39m             
expect(response[33m.[39mbody[33m.[39msuccess)[33m.[39mtoBe([36mtrue[39m)[33m;[39m
     [90m 348 |[39m             [90m// Should only include the lease that was active at period 
start[39m[0m

      at Object.<anonymous> (tests/managerFinance.test.ts:345:18)
      ----
      at Test._assertStatus (node_modules/supertest/lib/test.js:252:14)
      at node_modules/supertest/lib/test.js:308:13
      at Test._assertFunction (node_modules/supertest/lib/test.js:285:13)
      at Test.assert (node_modules/supertest/lib/test.js:164:23)
      at Server.localAssert (node_modules/supertest/lib/test.js:120:14)

  ΓùÅ Manager Finance Endpoints ΓÇ║ Period snapshot logic ΓÇ║ should correctly calculate expected rent 
based on active leases at period start

    expected 200 "OK", got 402 "Payment Required"

    [0m [90m 370 |[39m                 
[33m.[39m[36mget[39m([32m'/api/manager/finance/rent-collection?period=2024-02'[39m)
     [90m 371 |[39m                 [33m.[39m[36mset[39m([32m'Authorization'[39m[33m,[39m 
[32m`Bearer ${authToken}`[39m)
    [31m[1m>[22m[39m[90m 372 |[39m                 [33m.[39mexpect([35m200[39m)[33m;[39m
     [90m     |[39m                  [31m[1m^[22m[39m
     [90m 373 |[39m
     [90m 374 |[39m             
expect(response[33m.[39mbody[33m.[39msuccess)[33m.[39mtoBe([36mtrue[39m)[33m;[39m
     [90m 375 |[39m             expect(response[33m.[39mbody[33m.[39mdata[33m.[39mbyProperty[[35
m0[39m][33m.[39mexpectedRent)[33m.[39mtoBe([35m1000000[39m)[33m;[39m[0m

      at Object.<anonymous> (tests/managerFinance.test.ts:372:18)
      ----
      at Test._assertStatus (node_modules/supertest/lib/test.js:252:14)
      at node_modules/supertest/lib/test.js:308:13
      at Test._assertFunction (node_modules/supertest/lib/test.js:285:13)
      at Test.assert (node_modules/supertest/lib/test.js:164:23)
      at Server.localAssert (node_modules/supertest/lib/test.js:120:14)

  ΓùÅ Manager Finance Endpoints ΓÇ║ Period snapshot logic ΓÇ║ should exclude leases that start after 
period start

    expected 200 "OK", got 402 "Payment Required"

    [0m [90m 386 |[39m                 
[33m.[39m[36mget[39m([32m'/api/manager/finance/rent-collection?period=2024-02'[39m)
     [90m 387 |[39m                 [33m.[39m[36mset[39m([32m'Authorization'[39m[33m,[39m 
[32m`Bearer ${authToken}`[39m)
    [31m[1m>[22m[39m[90m 388 |[39m                 [33m.[39mexpect([35m200[39m)[33m;[39m
     [90m     |[39m                  [31m[1m^[22m[39m
     [90m 389 |[39m
     [90m 390 |[39m             
expect(response[33m.[39mbody[33m.[39msuccess)[33m.[39mtoBe([36mtrue[39m)[33m;[39m
     [90m 391 |[39m             expect(response[33m.[39mbody[33m.[39mdata[33m.[39mbyProperty[[35
m0[39m][33m.[39mexpectedRent)[33m.[39mtoBe([35m0[39m)[33m;[39m[0m

      at Object.<anonymous> (tests/managerFinance.test.ts:388:18)
      ----
      at Test._assertStatus (node_modules/supertest/lib/test.js:252:14)
      at node_modules/supertest/lib/test.js:308:13
      at Test._assertFunction (node_modules/supertest/lib/test.js:285:13)
      at Test.assert (node_modules/supertest/lib/test.js:164:23)
      at Server.localAssert (node_modules/supertest/lib/test.js:120:14)

::ffff:127.0.0.1 - - [27/Feb/2026:08:27:06 +0000] "GET /api/manager/finance/rent-collection?period=2024-02 HTTP/1.1" 402 160 "-" "-"
FAIL tests/managerFinanceStatements.test.ts
  ΓùÅ Console

    console.log
      Test environment configured with JWT_SECRET and DATABASE_URL

      at Object.<anonymous> (tests/setup.ts:31:9)

    console.log
      === AUTH MIDDLEWARE START ===

      at authenticateToken (src/middlewares/auth.ts:24:17)

    console.log
      Path: /terms/accept

      at authenticateToken (src/middlewares/auth.ts:25:17)

    console.log
      Method: POST

      at authenticateToken (src/middlewares/auth.ts:26:17)

    console.log
      Authorization header exists: true

      at authenticateToken (src/middlewares/auth.ts:27:17)

    console.log
      Token extracted: true

      at authenticateToken (src/middlewares/auth.ts:34:21)

    console.log
      Verifying token...

      at authenticateToken (src/middlewares/auth.ts:46:21)

    console.error
      Auth middleware error: JsonWebTokenError {
        name: 'JsonWebTokenError',
        message: 'jwt malformed'
      }

    [0m [90m 59 |[39m     } [36mcatch[39m (error) {
     [90m 60 |[39m         [36mif[39m (process[33m.[39menv[33m.[39m[33mNODE_ENV[39m 
[33m!==[39m [32m'production'[39m) {
    [31m[1m>[22m[39m[90m 61 |[39m             console[33m.[39merror([32m'Auth middleware 
error:'[39m[33m,[39m error)[33m;[39m
     [90m    |[39m                     [31m[1m^[22m[39m
     [90m 62 |[39m         }
     [90m 63 |[39m         res[33m.[39mstatus([35m401[39m)[33m.[39mjson({
     [90m 64 |[39m             success[33m:[39m [36mfalse[39m[33m,[39m[0m

      at authenticateToken (src/middlewares/auth.ts:61:21)
      at Layer.handle [as handle_request] (node_modules/express/lib/router/layer.js:95:5)
      at trim_prefix (node_modules/express/lib/router/index.js:328:13)
      at node_modules/express/lib/router/index.js:286:9
      at Function.process_params (node_modules/express/lib/router/index.js:346:12)
      at next (node_modules/express/lib/router/index.js:280:10)
      at Function.handle (node_modules/express/lib/router/index.js:175:3)
      at router (node_modules/express/lib/router/index.js:47:12)
      at Layer.handle [as handle_request] (node_modules/express/lib/router/layer.js:95:5)
      at trim_prefix (node_modules/express/lib/router/index.js:328:13)
      at node_modules/express/lib/router/index.js:286:9
      at Function.process_params (node_modules/express/lib/router/index.js:346:12)
      at next (node_modules/express/lib/router/index.js:280:10)
      at urlencodedParser (node_modules/body-parser/lib/types/urlencoded.js:100:7)
      at Layer.handle [as handle_request] (node_modules/express/lib/router/layer.js:95:5)
      at trim_prefix (node_modules/express/lib/router/index.js:328:13)
      at node_modules/express/lib/router/index.js:286:9
      at Function.process_params (node_modules/express/lib/router/index.js:346:12)
      at next (node_modules/express/lib/router/index.js:280:10)
      at jsonParser (node_modules/body-parser/lib/types/json.js:122:7)
      at Layer.handle [as handle_request] (node_modules/express/lib/router/layer.js:95:5)
      at trim_prefix (node_modules/express/lib/router/index.js:328:13)
      at node_modules/express/lib/router/index.js:286:9
      at Function.process_params (node_modules/express/lib/router/index.js:346:12)
      at next (node_modules/express/lib/router/index.js:280:10)
      at logger (node_modules/morgan/index.js:144:5)
      at Layer.handle [as handle_request] (node_modules/express/lib/router/layer.js:95:5)
      at trim_prefix (node_modules/express/lib/router/index.js:328:13)
      at node_modules/express/lib/router/index.js:286:9
      at Function.process_params (node_modules/express/lib/router/index.js:346:12)
      at next (node_modules/express/lib/router/index.js:280:10)
      at cors (node_modules/cors/lib/index.js:188:7)
      at node_modules/cors/lib/index.js:224:17
      at originCallback (node_modules/cors/lib/index.js:214:15)
      at node_modules/cors/lib/index.js:219:13
      at optionsCallback (node_modules/cors/lib/index.js:199:9)
      at corsMiddleware (node_modules/cors/lib/index.js:204:7)
      at Layer.handle [as handle_request] (node_modules/express/lib/router/layer.js:95:5)
      at trim_prefix (node_modules/express/lib/router/index.js:328:13)
      at node_modules/express/lib/router/index.js:286:9
      at Function.process_params (node_modules/express/lib/router/index.js:346:12)
      at next (node_modules/express/lib/router/index.js:280:10)
      at expressInit (node_modules/express/lib/middleware/init.js:40:5)
      at Layer.handle [as handle_request] (node_modules/express/lib/router/layer.js:95:5)
      at trim_prefix (node_modules/express/lib/router/index.js:328:13)
      at node_modules/express/lib/router/index.js:286:9
      at Function.process_params (node_modules/express/lib/router/index.js:346:12)
      at next (node_modules/express/lib/router/index.js:280:10)
      at query (node_modules/express/lib/middleware/query.js:45:5)
      at Layer.handle [as handle_request] (node_modules/express/lib/router/layer.js:95:5)
      at trim_prefix (node_modules/express/lib/router/index.js:328:13)
      at node_modules/express/lib/router/index.js:286:9
      at Function.process_params (node_modules/express/lib/router/index.js:346:12)
      at next (node_modules/express/lib/router/index.js:280:10)
      at Function.handle (node_modules/express/lib/router/index.js:175:3)
      at Function.handle (node_modules/express/lib/application.js:181:10)
      at Server.app (node_modules/express/lib/express.js:39:9)

  ΓùÅ Manager Finance Statements API ΓÇ║ GET /api/manager/finance/cashflow ΓÇ║ should return cashflow 
statement data for current period

    Terms acceptance failed: {"success":false,"message":"Invalid or expired token"}

    [0m [90m 118 |[39m
     [90m 119 |[39m         [36mif[39m ([33m![39mtermsResponse[33m.[39mbody[33m.[39msuccess) {
    [31m[1m>[22m[39m[90m 120 |[39m             [36mthrow[39m [36mnew[39m 
[33mError[39m([32m`Terms acceptance failed: ${JSON.stringify(termsResponse.body)}`[39m)[33m;[39m
     [90m     |[39m                   [31m[1m^[22m[39m
     [90m 121 |[39m         }
     [90m 122 |[39m
     [90m 123 |[39m         [36mif[39m (termsResponse[33m.[39mbody[33m.[39mdata [33m&&[39m 
termsResponse[33m.[39mbody[33m.[39mdata[33m.[39mtoken) {[0m

      at Object.<anonymous> (tests/managerFinanceStatements.test.ts:120:19)

  ΓùÅ Manager Finance Statements API ΓÇ║ GET /api/manager/finance/cashflow ΓÇ║ should return cashflow 
statement data for specific period

    Terms acceptance failed: {"success":false,"message":"Invalid or expired token"}

    [0m [90m 118 |[39m
     [90m 119 |[39m         [36mif[39m ([33m![39mtermsResponse[33m.[39mbody[33m.[39msuccess) {
    [31m[1m>[22m[39m[90m 120 |[39m             [36mthrow[39m [36mnew[39m 
[33mError[39m([32m`Terms acceptance failed: ${JSON.stringify(termsResponse.body)}`[39m)[33m;[39m
     [90m     |[39m                   [31m[1m^[22m[39m
     [90m 121 |[39m         }
     [90m 122 |[39m
     [90m 123 |[39m         [36mif[39m (termsResponse[33m.[39mbody[33m.[39mdata [33m&&[39m 
termsResponse[33m.[39mbody[33m.[39mdata[33m.[39mtoken) {[0m

      at Object.<anonymous> (tests/managerFinanceStatements.test.ts:120:19)

  ΓùÅ Manager Finance Statements API ΓÇ║ GET /api/manager/finance/cashflow ΓÇ║ should return cashflow 
statement data for specific property

    Terms acceptance failed: {"success":false,"message":"Invalid or expired token"}

    [0m [90m 118 |[39m
     [90m 119 |[39m         [36mif[39m ([33m![39mtermsResponse[33m.[39mbody[33m.[39msuccess) {
    [31m[1m>[22m[39m[90m 120 |[39m             [36mthrow[39m [36mnew[39m 
[33mError[39m([32m`Terms acceptance failed: ${JSON.stringify(termsResponse.body)}`[39m)[33m;[39m
     [90m     |[39m                   [31m[1m^[22m[39m
     [90m 121 |[39m         }
     [90m 122 |[39m
     [90m 123 |[39m         [36mif[39m (termsResponse[33m.[39mbody[33m.[39mdata [33m&&[39m 
termsResponse[33m.[39mbody[33m.[39mdata[33m.[39mtoken) {[0m

      at Object.<anonymous> (tests/managerFinanceStatements.test.ts:120:19)

  ΓùÅ Manager Finance Statements API ΓÇ║ GET /api/manager/finance/cashflow ΓÇ║ should require manager 
authentication

    Terms acceptance failed: {"success":false,"message":"Invalid or expired token"}

    [0m [90m 118 |[39m
     [90m 119 |[39m         [36mif[39m ([33m![39mtermsResponse[33m.[39mbody[33m.[39msuccess) {
    [31m[1m>[22m[39m[90m 120 |[39m             [36mthrow[39m [36mnew[39m 
[33mError[39m([32m`Terms acceptance failed: ${JSON.stringify(termsResponse.body)}`[39m)[33m;[39m
     [90m     |[39m                   [31m[1m^[22m[39m
     [90m 121 |[39m         }
     [90m 122 |[39m
     [90m 123 |[39m         [36mif[39m (termsResponse[33m.[39mbody[33m.[39mdata [33m&&[39m 
termsResponse[33m.[39mbody[33m.[39mdata[33m.[39mtoken) {[0m

      at Object.<anonymous> (tests/managerFinanceStatements.test.ts:120:19)

  ΓùÅ Manager Finance Statements API ΓÇ║ GET /api/manager/finance/income-statement ΓÇ║ should return 
income statement data for current period

    Terms acceptance failed: {"success":false,"message":"Invalid or expired token"}

    [0m [90m 118 |[39m
     [90m 119 |[39m         [36mif[39m ([33m![39mtermsResponse[33m.[39mbody[33m.[39msuccess) {
    [31m[1m>[22m[39m[90m 120 |[39m             [36mthrow[39m [36mnew[39m 
[33mError[39m([32m`Terms acceptance failed: ${JSON.stringify(termsResponse.body)}`[39m)[33m;[39m
     [90m     |[39m                   [31m[1m^[22m[39m
     [90m 121 |[39m         }
     [90m 122 |[39m
     [90m 123 |[39m         [36mif[39m (termsResponse[33m.[39mbody[33m.[39mdata [33m&&[39m 
termsResponse[33m.[39mbody[33m.[39mdata[33m.[39mtoken) {[0m

      at Object.<anonymous> (tests/managerFinanceStatements.test.ts:120:19)

  ΓùÅ Manager Finance Statements API ΓÇ║ GET /api/manager/finance/income-statement ΓÇ║ should return 
income statement data for specific period

    Terms acceptance failed: {"success":false,"message":"Invalid or expired token"}

    [0m [90m 118 |[39m
     [90m 119 |[39m         [36mif[39m ([33m![39mtermsResponse[33m.[39mbody[33m.[39msuccess) {
    [31m[1m>[22m[39m[90m 120 |[39m             [36mthrow[39m [36mnew[39m 
[33mError[39m([32m`Terms acceptance failed: ${JSON.stringify(termsResponse.body)}`[39m)[33m;[39m
     [90m     |[39m                   [31m[1m^[22m[39m
     [90m 121 |[39m         }
     [90m 122 |[39m
     [90m 123 |[39m         [36mif[39m (termsResponse[33m.[39mbody[33m.[39mdata [33m&&[39m 
termsResponse[33m.[39mbody[33m.[39mdata[33m.[39mtoken) {[0m

      at Object.<anonymous> (tests/managerFinanceStatements.test.ts:120:19)

  ΓùÅ Manager Finance Statements API ΓÇ║ GET /api/manager/finance/income-statement ΓÇ║ should require 
manager authentication

    Terms acceptance failed: {"success":false,"message":"Invalid or expired token"}

    [0m [90m 118 |[39m
     [90m 119 |[39m         [36mif[39m ([33m![39mtermsResponse[33m.[39mbody[33m.[39msuccess) {
    [31m[1m>[22m[39m[90m 120 |[39m             [36mthrow[39m [36mnew[39m 
[33mError[39m([32m`Terms acceptance failed: ${JSON.stringify(termsResponse.body)}`[39m)[33m;[39m
     [90m     |[39m                   [31m[1m^[22m[39m
     [90m 121 |[39m         }
     [90m 122 |[39m
     [90m 123 |[39m         [36mif[39m (termsResponse[33m.[39mbody[33m.[39mdata [33m&&[39m 
termsResponse[33m.[39mbody[33m.[39mdata[33m.[39mtoken) {[0m

      at Object.<anonymous> (tests/managerFinanceStatements.test.ts:120:19)

  ΓùÅ Manager Finance Statements API ΓÇ║ GET /api/manager/finance/financial-position ΓÇ║ should return 
financial position data for current period

    Terms acceptance failed: {"success":false,"message":"Invalid or expired token"}

    [0m [90m 118 |[39m
     [90m 119 |[39m         [36mif[39m ([33m![39mtermsResponse[33m.[39mbody[33m.[39msuccess) {
    [31m[1m>[22m[39m[90m 120 |[39m             [36mthrow[39m [36mnew[39m 
[33mError[39m([32m`Terms acceptance failed: ${JSON.stringify(termsResponse.body)}`[39m)[33m;[39m
     [90m     |[39m                   [31m[1m^[22m[39m
     [90m 121 |[39m         }
     [90m 122 |[39m
     [90m 123 |[39m         [36mif[39m (termsResponse[33m.[39mbody[33m.[39mdata [33m&&[39m 
termsResponse[33m.[39mbody[33m.[39mdata[33m.[39mtoken) {[0m

      at Object.<anonymous> (tests/managerFinanceStatements.test.ts:120:19)

  ΓùÅ Manager Finance Statements API ΓÇ║ GET /api/manager/finance/financial-position ΓÇ║ should return 
financial position data for specific period

    Terms acceptance failed: {"success":false,"message":"Invalid or expired token"}

    [0m [90m 118 |[39m
     [90m 119 |[39m         [36mif[39m ([33m![39mtermsResponse[33m.[39mbody[33m.[39msuccess) {
    [31m[1m>[22m[39m[90m 120 |[39m             [36mthrow[39m [36mnew[39m 
[33mError[39m([32m`Terms acceptance failed: ${JSON.stringify(termsResponse.body)}`[39m)[33m;[39m
     [90m     |[39m                   [31m[1m^[22m[39m
     [90m 121 |[39m         }
     [90m 122 |[39m
     [90m 123 |[39m         [36mif[39m (termsResponse[33m.[39mbody[33m.[39mdata [33m&&[39m 
termsResponse[33m.[39mbody[33m.[39mdata[33m.[39mtoken) {[0m

      at Object.<anonymous> (tests/managerFinanceStatements.test.ts:120:19)

  ΓùÅ Manager Finance Statements API ΓÇ║ GET /api/manager/finance/financial-position ΓÇ║ should require 
manager authentication

    Terms acceptance failed: {"success":false,"message":"Invalid or expired token"}

    [0m [90m 118 |[39m
     [90m 119 |[39m         [36mif[39m ([33m![39mtermsResponse[33m.[39mbody[33m.[39msuccess) {
    [31m[1m>[22m[39m[90m 120 |[39m             [36mthrow[39m [36mnew[39m 
[33mError[39m([32m`Terms acceptance failed: ${JSON.stringify(termsResponse.body)}`[39m)[33m;[39m
     [90m     |[39m                   [31m[1m^[22m[39m
     [90m 121 |[39m         }
     [90m 122 |[39m
     [90m 123 |[39m         [36mif[39m (termsResponse[33m.[39mbody[33m.[39mdata [33m&&[39m 
termsResponse[33m.[39mbody[33m.[39mdata[33m.[39mtoken) {[0m

      at Object.<anonymous> (tests/managerFinanceStatements.test.ts:120:19)

  ΓùÅ Manager Finance Statements API ΓÇ║ Data Consistency ΓÇ║ should have consistent data across all 
financial statements for the same period

    Terms acceptance failed: {"success":false,"message":"Invalid or expired token"}

    [0m [90m 118 |[39m
     [90m 119 |[39m         [36mif[39m ([33m![39mtermsResponse[33m.[39mbody[33m.[39msuccess) {
    [31m[1m>[22m[39m[90m 120 |[39m             [36mthrow[39m [36mnew[39m 
[33mError[39m([32m`Terms acceptance failed: ${JSON.stringify(termsResponse.body)}`[39m)[33m;[39m
     [90m     |[39m                   [31m[1m^[22m[39m
     [90m 121 |[39m         }
     [90m 122 |[39m
     [90m 123 |[39m         [36mif[39m (termsResponse[33m.[39mbody[33m.[39mdata [33m&&[39m 
termsResponse[33m.[39mbody[33m.[39mdata[33m.[39mtoken) {[0m

      at Object.<anonymous> (tests/managerFinanceStatements.test.ts:120:19)

::ffff:127.0.0.1 - - [27/Feb/2026:08:27:08 +0000] "POST /api/auth/register/manager HTTP/1.1" 201 577 "-" "-"
::ffff:127.0.0.1 - - [27/Feb/2026:08:27:08 +0000] "POST /api/manager/terms/accept HTTP/1.1" 401 54 "-" "-"
PASS tests/servicePayment.test.ts
  ΓùÅ Console

    console.log
      Test environment configured with JWT_SECRET and DATABASE_URL

      at Object.<anonymous> (tests/setup.ts:31:9)

    console.log
      [ServicePayment] Initiated payment pay-001 for invoice inv-001, ref=SPAY-MM4MPIY5-6HQK1FRW

      at initiatePayment (src/services/servicePaymentService.ts:106:11)

    console.log
      [ServicePayment] Manager mgr-001 billing set to CURRENT (no remaining overdue)

      at src/services/servicePaymentService.ts:222:17

    console.log
      [ServicePayment] Webhook: payment pay-001 ΓåÆ SUCCESS (invoice inv-001 marked PAID)

      at processWebhook (src/services/servicePaymentService.ts:228:13)

    console.log
      [ServicePayment] Manager mgr-001 still has 2 overdue invoice(s)

      at src/services/servicePaymentService.ts:224:17

    console.log
      [ServicePayment] Webhook: payment pay-001 ΓåÆ SUCCESS (invoice inv-001 marked PAID)

      at processWebhook (src/services/servicePaymentService.ts:228:13)

    console.log
      [ServicePayment] Webhook: payment pay-001 already SUCCESS, skipping

      at processWebhook (src/services/servicePaymentService.ts:143:13)

    console.log
      [ServicePayment] Webhook: payment pay-001 already FAILED, skipping

      at processWebhook (src/services/servicePaymentService.ts:143:13)

    console.log
      [ServicePayment] Webhook: payment pay-001 ΓåÆ FAILED

      at processWebhook (src/services/servicePaymentService.ts:242:11)

    console.warn
      [ServicePayment] Webhook: no payment found for externalRef=SPAY-UNKNOWN

    [0m [90m 135 |[39m
     [90m 136 |[39m   [36mif[39m ([33m![39mpayment) {
    [31m[1m>[22m[39m[90m 137 |[39m     console[33m.[39mwarn([32m`[ServicePayment] Webhook: no 
payment found for externalRef=${result.externalRef}`[39m)[33m;[39m
     [90m     |[39m             [31m[1m^[22m[39m
     [90m 138 |[39m     [36mreturn[39m { ok[33m:[39m [36mfalse[39m[33m,[39m message[33m:[39m 
[32m'Payment not found for externalRef'[39m }[33m;[39m
     [90m 139 |[39m   }
     [90m 140 |[39m[0m

      at processWebhook (src/services/servicePaymentService.ts:137:13)
      at Object.<anonymous> (tests/servicePayment.test.ts:277:20)

    console.warn
      [ServicePayment] AMOUNT_MISMATCH: payment pay-mismatch amount=99999, expected=1995

    [0m [90m 160 |[39m     [36mif[39m (payment[33m.[39mamount [33m!==[39m expectedAmount) {
     [90m 161 |[39m       [36mawait[39m failPayment(payment[33m.[39mid[33m,[39m 
[32m'AMOUNT_MISMATCH'[39m)[33m;[39m
    [31m[1m>[22m[39m[90m 162 |[39m       console[33m.[39mwarn([32m`[ServicePayment] 
AMOUNT_MISMATCH: payment ${payment.id} amount=${payment.amount}, 
expected=${expectedAmount}`[39m)[33m;[39m
     [90m     |[39m               [31m[1m^[22m[39m
     [90m 163 |[39m       [36mreturn[39m { ok[33m:[39m [36mtrue[39m[33m,[39m 
paymentId[33m:[39m payment[33m.[39mid[33m,[39m status[33m:[39m [32m'FAILED'[39m[33m,[39m 
message[33m:[39m [32m'Amount mismatch'[39m }[33m;[39m
     [90m 164 |[39m     }
     [90m 165 |[39m[0m

      at processWebhook (src/services/servicePaymentService.ts:162:15)
      at Object.<anonymous> (tests/servicePayment.test.ts:347:20)

    console.warn
      [ServicePayment] Invoice inv-001 already PAID when webhook arrived

    [0m [90m 167 |[39m     [36mif[39m (invoice[33m.[39mstatus [33m===[39m [32m'PAID'[39m) {
     [90m 168 |[39m       [36mawait[39m failPayment(payment[33m.[39mid[33m,[39m 
[32m'INVOICE_ALREADY_PAID'[39m)[33m;[39m
    [31m[1m>[22m[39m[90m 169 |[39m       console[33m.[39mwarn([32m`[ServicePayment] Invoice 
${invoice.id} already PAID when webhook arrived`[39m)[33m;[39m
     [90m     |[39m               [31m[1m^[22m[39m
     [90m 170 |[39m       [36mreturn[39m { ok[33m:[39m [36mtrue[39m[33m,[39m 
paymentId[33m:[39m payment[33m.[39mid[33m,[39m status[33m:[39m [32m'FAILED'[39m[33m,[39m 
message[33m:[39m [32m'Invoice already paid'[39m }[33m;[39m
     [90m 171 |[39m     }
     [90m 172 |[39m[0m

      at processWebhook (src/services/servicePaymentService.ts:169:15)
      at Object.<anonymous> (tests/servicePayment.test.ts:386:20)

    console.log
      [ServicePayment] Timed out 3 stale PENDING payment(s)

      at timeoutStalePendingPayments (src/services/servicePaymentService.ts:358:13)

    console.warn
      [WebhookAuth] Invalid or missing webhook secret

    [0m [90m 24 |[39m   [36mconst[39m providedSecret [33m=[39m 
req[33m.[39mheaders[[32m'x-webhook-secret'[39m] [36mas[39m string [33m|[39m undefined[33m;[39m
     [90m 25 |[39m   [36mif[39m ([33m![39mprovidedSecret [33m||[39m providedSecret [33m!==[39m 
expectedSecret) {
    [31m[1m>[22m[39m[90m 26 |[39m     console[33m.[39mwarn([32m'[WebhookAuth] Invalid or 
missing webhook secret'[39m)[33m;[39m
     [90m    |[39m             [31m[1m^[22m[39m
     [90m 27 |[39m     res[33m.[39mstatus([35m401[39m)[33m.[39mjson({ success[33m:[39m 
[36mfalse[39m[33m,[39m message[33m:[39m [32m'Unauthorized'[39m })[33m;[39m
     [90m 28 |[39m     [36mreturn[39m[33m;[39m
     [90m 29 |[39m   }[0m

      at requireWebhookAuth (src/middlewares/requireWebhookAuth.ts:26:13)
      at Object.<anonymous> (tests/servicePayment.test.ts:476:5)

    console.warn
      [WebhookAuth] Invalid or missing webhook secret

    [0m [90m 24 |[39m   [36mconst[39m providedSecret [33m=[39m 
req[33m.[39mheaders[[32m'x-webhook-secret'[39m] [36mas[39m string [33m|[39m undefined[33m;[39m
     [90m 25 |[39m   [36mif[39m ([33m![39mprovidedSecret [33m||[39m providedSecret [33m!==[39m 
expectedSecret) {
    [31m[1m>[22m[39m[90m 26 |[39m     console[33m.[39mwarn([32m'[WebhookAuth] Invalid or 
missing webhook secret'[39m)[33m;[39m
     [90m    |[39m             [31m[1m^[22m[39m
     [90m 27 |[39m     res[33m.[39mstatus([35m401[39m)[33m.[39mjson({ success[33m:[39m 
[36mfalse[39m[33m,[39m message[33m:[39m [32m'Unauthorized'[39m })[33m;[39m
     [90m 28 |[39m     [36mreturn[39m[33m;[39m
     [90m 29 |[39m   }[0m

      at requireWebhookAuth (src/middlewares/requireWebhookAuth.ts:26:13)
      at Object.<anonymous> (tests/servicePayment.test.ts:488:5)

    console.error
      [WebhookAuth] PAYMENTS_WEBHOOK_SECRET not configured

    [0m [90m 17 |[39m   [36mconst[39m expectedSecret [33m=[39m 
process[33m.[39menv[33m.[39m[33mPAYMENTS_WEBHOOK_SECRET[39m[33m;[39m
     [90m 18 |[39m   [36mif[39m ([33m![39mexpectedSecret) {
    [31m[1m>[22m[39m[90m 19 |[39m     console[33m.[39merror([32m'[WebhookAuth] 
PAYMENTS_WEBHOOK_SECRET not configured'[39m)[33m;[39m
     [90m    |[39m             [31m[1m^[22m[39m
     [90m 20 |[39m     res[33m.[39mstatus([35m500[39m)[33m.[39mjson({ success[33m:[39m 
[36mfalse[39m[33m,[39m message[33m:[39m [32m'Webhook secret not configured'[39m })[33m;[39m
     [90m 21 |[39m     [36mreturn[39m[33m;[39m
     [90m 22 |[39m   }[0m

      at requireWebhookAuth (src/middlewares/requireWebhookAuth.ts:19:13)
      at Object.<anonymous> (tests/servicePayment.test.ts:512:5)

PASS tests/billingInvoiceGeneration.test.ts
  ΓùÅ Console

    console.log
      Test environment configured with JWT_SECRET and DATABASE_URL

      at Object.<anonymous> (tests/setup.ts:31:9)

    console.log
      [BillingScheduler] Starting invoice generation for 2026-02-15T12:00:00.000Z

      at ensureMonthlyInvoicesForAllManagers (src/services/billingScheduler.ts:301:11)

    console.log
      [BillingScheduler] Billing period: 2026-02 (2026-01-31T21:00:00.000Z to 2026-02-28T20:59:59.999Z)

      at ensureMonthlyInvoicesForAllManagers (src/services/billingScheduler.ts:306:11)

    console.log
      [BillingScheduler] Found 1 managers with occupied units

      at ensureMonthlyInvoicesForAllManagers (src/services/billingScheduler.ts:332:13)

    console.log
      [BillingScheduler] Created invoice inv-001 for manager mgr-1, period 2026-02: 12000 UGX fee

      at ensureMonthlyInvoicesForAllManagers (src/services/billingScheduler.ts:411:17)

    console.log
      [BillingScheduler] Invoice generation complete. Created 1 invoices for period 2026-02

      at ensureMonthlyInvoicesForAllManagers (src/services/billingScheduler.ts:423:13)

    console.log
      [BillingScheduler] Starting invoice generation for 2026-02-15T12:00:00.000Z

      at ensureMonthlyInvoicesForAllManagers (src/services/billingScheduler.ts:301:11)

    console.log
      [BillingScheduler] Billing period: 2026-02 (2026-01-31T21:00:00.000Z to 2026-02-28T20:59:59.999Z)

      at ensureMonthlyInvoicesForAllManagers (src/services/billingScheduler.ts:306:11)

    console.log
      [BillingScheduler] Found 0 managers with occupied units

      at ensureMonthlyInvoicesForAllManagers (src/services/billingScheduler.ts:332:13)

    console.log
      [BillingScheduler] Invoice generation complete. Created 0 invoices for period 2026-02

      at ensureMonthlyInvoicesForAllManagers (src/services/billingScheduler.ts:423:13)

    console.log
      [BillingScheduler] Starting invoice generation for 2026-02-15T12:00:00.000Z

      at ensureMonthlyInvoicesForAllManagers (src/services/billingScheduler.ts:301:11)

    console.log
      [BillingScheduler] Billing period: 2026-02 (2026-01-31T21:00:00.000Z to 2026-02-28T20:59:59.999Z)

      at ensureMonthlyInvoicesForAllManagers (src/services/billingScheduler.ts:306:11)

    console.log
      [BillingScheduler] Found 1 managers with occupied units

      at ensureMonthlyInvoicesForAllManagers (src/services/billingScheduler.ts:332:13)

    console.log
      [BillingScheduler] Created invoice inv-001 for manager mgr-1, period 2026-02: 12000 UGX fee

      at ensureMonthlyInvoicesForAllManagers (src/services/billingScheduler.ts:411:17)

    console.log
      [BillingScheduler] Invoice generation complete. Created 1 invoices for period 2026-02

      at ensureMonthlyInvoicesForAllManagers (src/services/billingScheduler.ts:423:13)

PASS tests/security-rbac.test.ts
  ΓùÅ Console

    console.log
      Test environment configured with JWT_SECRET and DATABASE_URL

      at Object.<anonymous> (tests/setup.ts:31:9)


Test Suites: 3 failed, 3 passed, 6 total
Tests:       21 failed, 38 passed, 59 total
Snapshots:   0 total
Time:        19.285 s
Ran all test suites.
npm verbose cwd C:\Estate Net\EstateNet\backend
npm verbose os Windows_NT 10.0.26200
npm verbose node v22.15.0
npm verbose npm  v10.9.2
npm verbose exit 1
npm verbose code 1
